
> highline-industry@0.1.1 build
> next build

Γû▓ Next.js 16.1.6 (Turbopack)
- Environments: .env

  Creating an optimized production build ...
Γ£ô Compiled successfully in 13.9s
  Running TypeScript ...
  Collecting page data using 7 workers ...
  Generating static pages using 7 workers (0/18) ...
  Generating static pages using 7 workers (4/18) 
  Generating static pages using 7 workers (8/18) 
  Generating static pages using 7 workers (13/18) 
Γ£ô Generating static pages using 7 workers (18/18) in 902.6ms
  Finalizing page optimization ...

Route (app)
Γöî ╞Æ /
Γö£ ╞Æ /_not-found
Γö£ ╞Æ /about
Γö£ ╞Æ /api/user-role
Γö£ ╞Æ /callback
Γö£ ╞Æ /collections
Γö£ ╞Æ /dashboard/admin
Γö£ ╞Æ /dashboard/admin/collections
Γö£ ╞Æ /dashboard/admin/collections/[id]
Γö£ ╞Æ /dashboard/admin/collections/[id]/edit
Γö£ ╞Æ /dashboard/admin/collections/new
Γö£ ╞Æ /dashboard/admin/products
Γö£ ╞Æ /dashboard/admin/products/[id]
Γö£ ╞Æ /dashboard/admin/products/[id]/customizer
Γö£ ╞Æ /dashboard/admin/products/[id]/edit
Γö£ ╞Æ /dashboard/admin/products/new
Γö£ ╞Æ /dashboard/freelancer
Γö£ ╞Æ /dashboard/user
Γö£ ╞Æ /login
Γö£ ╞Æ /product/[handle]
Γö£ ╞Æ /shop
Γöö ╞Æ /signup


╞Æ Proxy (Middleware)

╞Æ  (Dynamic)  server-rendered on demand

